// Jest Snapshot v1, https://goo.gl/fbAQLP

exports[`Product export strategy should process the batch job and generate the appropriate output 1`] = `
Array [
  "Product Handle;Product Title;Product Subtitle;Product Description;Product Status;Product Thumbnail;Product Weight;Product Length;Product Width;Product Height;Product HS Code;Product Origin Country;Product Mid Code;Product Material;Product Collection Title;Product Collection Handle;Product Type;Product Tags;Product Discountable;Product External ID;Product Profile Name;Product Profile Type;Variant Title;Variant SKU;Variant Barcode;Variant Inventory Quantity;Variant Allow backorder;Variant Manage inventory;Variant Weight;Variant Length;Variant Width;Variant Height;Variant HS Code;Variant Origin Country;Variant Mid Code;Variant Material;Option 1 Name;Option 1 Value;Option 2 Name;Option 2 Value;Price 1 Currency code;Price 1 Region name;Price 1 Amount;Image 1 Url;
",
  "test-product-product-1;Test product;;test-product-description-1;draft;;;;;;;;;;Test collection 1;test-collection1;test-type-1;123_1;true;;profile_1;profile_type_1;Test variant;test-sku;test-barcode;10;false;true;;;;;;;;;test-option-1;option 1 value 1;test-option-2;option 2 value 1;usd;;100;test-image.png;
",
  "test-product-product-2;Test product;;test-product-description;draft;;;;;;;;;;Test collection;test-collection2;test-type;123;true;;profile_2;profile_type_2;Test variant;test-sku;test-barcode;10;false;true;;;;;;;;;test-option;Option 1 value 1;;;usd;;100;test-image.png;
",
  "test-product-product-2;Test product;;test-product-description;draft;;;;;;;;;;Test collection;test-collection2;test-type;123;true;;profile_2;profile_type_2;Test variant;test-sku;test-barcode;10;false;true;;;;;;;;;test-option;Option 1 Value 1;;;usd;;100;test-image.png;
",
]
`;
